0000                          .ENGINE   mycomputer   
0000                             ; 
0000                TEC_1:    EQU   1   
0000                RC2014:   EQU   0   
0000                EXTENDED:   EQU   0   
0000                          IF   RC2014   
                                 ; Configuration for RC2014
                    ROMSTART:   EQU   $8000   
                    RAMSTART:   EQU   $8800   
                    LOADER:   EQU   0   
                    BITBANG:   EQU   0   
0000                          ENDIF      
0000                          IF   TEC_1   
0000                             ; Configuration for TEC-1
0000                LOADER:   EQU   0   
0000                BITBANG:   EQU   0   
0000                ROMSTART:   EQU   $0000   
0000                RAMSTART:   EQU   $0800   
0000                ROMSIZE:   EQU   $0800   
0000                RAMSIZE:   EQU   $0800   
0000                             ;TEC-1D SC 8k rom/ram
0000                             ; ROMSTART .equ $0000
0000                             ; RAMSTART .equ $2000
0000                             ; ROMSIZE  .equ 8192
0000                             ; RAMSIZE  .equ 8192
0000                          ENDIF      
0000                             ; ROM code
0000                             ; Targets:
0000                             ; TEC-1,TEC-1D,TEC-1F,Southern Cross,RC2014
0000                             ; Memory Map: 2k ROM/RAM, 8K ROM/RAM, RC2014
0000                             ; Serial: Bit Bang, 6850 ACIA
0000                             ; 
0000                          IF   TEC_1   
0000                          IF   BITBANG   
                                 ; 
                                 ; bit bang baud rate constants @ 4MHz
                    B300:     EQU   0220H   
                    B1200:    EQU   0080H   
                    B2400:    EQU   003FH   
                    B4800:    EQU   001BH   
                    B9600:    EQU   000BH   
                                 ; 
0000                          ELSE      ;6850
0000                             ; 
0000                             ; 
0000                             ; 6850 ACIA registers
0000                             ;----------------------
0000                CONTROL:   EQU   $80   ;(write) 
0000                STATUS:   EQU   $80   ;(read)
0000                TDR:      EQU   $81   ;(write)
0000                RDR:      EQU   $81   ;(read)
0000                             ; 
0000                             ; control register bits
0000                             ;----------------------
0000                             ; 
0000                             ;clock divisor
0000                             ; 
0000                MRESET:   EQU   $03   ;master reset the ACIA
0000                             ; DIV_0    .EQU  $00        ;CLOCK/1
0000                             ; DIV_16   .EQU  $01        ;CLOCK/16
0000                DIV_64:   EQU   $02   ;CLOCK/64
0000                             ; 
0000                             ; format select
0000                             ; 
0000                F7E2:     EQU   $00   ;7 data bits, EVEN parity, 2 stop bits (1+7+1+2= 11 bits)
0000                F7O2:     EQU   $04   ;7 data bits, ODD parity, 2 stop bits (1+7+1+2= 11 bits)
0000                F7E1:     EQU   $08   ;7 data bits, EVEN parity, 1 stop bit (1+7+1+1= 10 bits)
0000                F7O1:     EQU   $0C   ;7 data bits, ODD parity, 1 stop bit (1+7+1+1= 10 bits)
0000                F8N2:     EQU   $10   ;8 data bits, NO parity, 2 stop bits (1+8+0+2= 11 bits)
0000                F8N1:     EQU   $14   ;8 data bits, NO parity, 1 stop bit (1+8+0+1= 10 bits)
0000                F8E1:     EQU   $18   ;8 data bits, EVEN parity, 1 stop bit (1+8+1+1= 11 bits)
0000                F8O1:     EQU   $1C   ;8 data bits, ODD parity,1 stop bit (1+8+1+1= 11 bits)
0000                             ; 
0000                             ; transmitter control
0000                             ; 
0000                RTSLID:   EQU   $00   ;RTS LOW, transmit interrupt disabled
0000                RTSLIE:   EQU   $20   ;RTS LOW, transmit interrupt enabled
0000                RTSHID:   EQU   $40   ;RTS HIGH, transmit interrupt disabled
0000                RTSLIDB:   EQU   $60   ;RTS LOW, transmit interrupt disabled and "break" transmitted
0000                             ; 
0000                             ; receiver interrupt
0000                             ; 
0000                RIE:      EQU   $80   ;receiver interrupt enabled
0000                             ; 
0000                             ; status register bits
0000                             ;---------------------
0000                RDRF:     EQU   0   ;receive data register full
0000                TDRE:     EQU   1   ;transmit data register empty
0000                DCD:      EQU   2   ;data carrier detect
0000                CTS:      EQU   3   ;clear to send
0000                FE:       EQU   4   ;framing error
0000                OVRN:     EQU   5   ;overrun
0000                PE:       EQU   6   ;parity error
0000                IRQ:      EQU   7   ;interrupt request
0000                             ; 
0000                          ENDIF      
0000                          ENDIF      
0000                             ; 
0000                             ; I/O port addresses
0000                             ; 
0000                          IF   TEC_1   
0000                KEYBUF:   EQU   00H   ;MM74C923N KEYBOARD ENCODER
0000                SCAN:     EQU   01H   ;DISPLAY SCAN LATCH
0000                DISPLY:   EQU   02H   ;DISPLAY LATCH
0000                PORT3:    EQU   03H   ;ST3 (8X8), STROBE (RELAY BOARD) DATLATCH (DAT BOARD)
0000                PORT4:    EQU   04H   ;ST4 (8X8), LCD "E" (DAT BOARD)
0000                PORT5:    EQU   05H   
0000                PORT6:    EQU   06H   
0000                PORT7:    EQU   07H   ;ENABLE/DISABLE SINGLE STEPPER (IF INSTALLED)
0000                          ELSE      ;SC
                    IO0:      EQU   80H   ;IO PORT 0
                    IO1:      EQU   81H   ;IO PORT 1
                    IO2:      EQU   82H   ;IO PORT 2
                    IO3:      EQU   83H   ;IO PORT 3
                    DISPLY:   EQU   84H   ;DISPLAY LATCH
                    SCAN:     EQU   85H   ;DISPLAY SCAN LATCH
                    KEYBUF:   EQU   86H   ;KEYBOARD BUFFER
                    IO7:      EQU   87H   ;ENABLE/DISABLE SINGLE STEPPER (IF INSTALLED)
0000                          ENDIF      
0000                             ; 
0000                             ; ASCII codes
0000                ESC:      EQU   1BH   
0000                CR:       EQU   0DH   
0000                LF:       EQU   0AH   
0000                             ; 
0000                          .ORG   ROMSTART   
0000                             ;reset
0000                RSTVEC:      
0000   C3 8D 00               JP   RESET   
0003                             ;RST 1
0008                          .ORG   ROMSTART+$08   
0008   E5                     PUSH   HL   
0009   2A 06 0A               LD   HL,(RST08)   
000C   E9                     JP   (HL)   
000D                             ; 
000D                             ;RST 2
0010                          .ORG   ROMSTART+$10   
0010   E5                     PUSH   HL   
0011   2A 08 0A               LD   HL,(RST10)   
0014   E9                     JP   (HL)   
0015                             ; 
0015                             ;RST 3
0018                          .ORG   ROMSTART+$18   
0018   E5                     PUSH   HL   
0019   2A 0A 0A               LD   HL,(RST18)   
001C   E9                     JP   (HL)   
001D                             ; 
001D                             ;RST 4
0020                          .ORG   ROMSTART+$20   
0020   E5                     PUSH   HL   
0021   2A 0C 0A               LD   HL,(RST20)   
0024   E9                     JP   (HL)   
0025                             ; 
0025                             ;RST 5
0028                          .ORG   ROMSTART+$28   
0028   E5                     PUSH   HL   
0029   2A 0E 0A               LD   HL,(RST28)   
002C   E9                     JP   (HL)   
002D                             ; 
002D                             ;RST 6
0030                          .ORG   ROMSTART+$30   
0030   E5                     PUSH   HL   
0031   2A 10 0A               LD   HL,(RST30)   
0034   E9                     JP   (HL)   
0035                             ; 
0035                             ;RST 7 Interrupt
0038                          .ORG   ROMSTART+$38   
0038   E5                     PUSH   HL   
0039   2A 14 0A               LD   HL,(INTVEC)   
003C   E9                     JP   (HL)   
003D   ED 4D                  RETI      
003F                             ; 
0040                          .ORG   ROMSTART+$40   
0040                             ; 
0040                             ;hexadecimal to 7 segment display code table
0040                          IF   TEC_1   
0040                             ; 
0040                SEVENSEGMENT:      
0040   EB 28 CD AD            DB   0EBH,28H,0CDH,0ADH   ;0,1,2,3
0044   2E A7 E7 29            DB   2EH,0A7H,0E7H,29H   ;4,5,6,7
0048   EF 2F 6F E6            DB   0EFH,2FH,6FH,0E6H   ;8,9,A,B
004C   C3 EC C7 47            DB   0C3H,0ECH,0C7H,47H   ;C,D,E,F
0050                          ELSE      ;SC
                                 ; 
                    SEVENSEGMENT:      
                              DB   3FH,06H,5BH,4FH   ;0,1,2,3
                              DB   66H,6DH,7DH,07H   ;4,5,6,7
                              DB   7FH,6FH,77H,7CH   ;8,9,A,B
                              DB   39H,5EH,79H,71H   ;C,D,E,F
0050                          ENDIF      
0050                             ; 
0050                             ; 
0050                             ;---------------
0050                             ; BIT TIME DELAY
0050                             ;---------------
0050                             ;DELAY FOR ONE SERIAL BIT TIME
0050                             ;ENTRY : HL = DELAY TIME
0050                             ; NO REGISTERS MODIFIED
0050                             ; 
0050                PWRUP:       
0050   21 00 20               LD   hl,$2000   
0053                BITIME:      
0053   E5                     PUSH   HL   
0054   D5                     PUSH   DE   
0055   11 01 00               LD   DE,0001H   
0058                BITIM1:      
0058   ED 52                  SBC   HL,DE   
005A   D2 58 00               JP   NC,BITIM1   
005D   D1                     POP   DE   
005E   E1                     POP   HL   
005F                INTRET:      
005F   C9                     RET      
0060                             ; 
0060                             ;RST 8  Non Maskable Interrupt
0066                          .ORG   ROMSTART+$66   
0066   E5                     PUSH   HL   
0067   2A 16 0A               LD   HL,(NMIVEC)   
006A   E9                     JP   (HL)   
006B                             ; 
006B                             ; 
006B                          IF   BITBANG   
                                 ; 
                                 ;------------------------
                                 ; SERIAL TRANSMIT ROUTINE
                                 ;------------------------
                                 ;TRANSMIT BYTE SERIALLY ON DOUT
                                 ; 
                                 ; ENTRY : A = BYTE TO TRANSMIT
                                 ;  EXIT : NO REGISTERS MODIFIED
                                 ; 
                                 ; 
                    TXCHAR:      
                    TXDATA:      
                              PUSH   AF   
                              PUSH   BC   
                              PUSH   HL   
                              LD   HL,(BAUD)   
                              LD   C,A   
                                 ; 
                                 ; TRANSMIT START BIT
                                 ; 
                              XOR   A   
                              OUT   (SCAN),A   
                              CALL   BITIME   
                                 ; 
                                 ; TRANSMIT DATA
                                 ; 
                              LD   B,08H   
                              RRC   C   
                    NXTBIT:      
                              RRC   C   ;SHIFT BITS TO D6,
                              LD   A,C   ;LSB FIRST AND OUTPUT
                              AND   40H   ;THEM FOR ONE BIT TIME.
                              OUT   (SCAN),A   
                              CALL   BITIME   
                              DJNZ   NXTBIT   
                                 ; 
                                 ; SEND STOP BITS
                                 ; 
                              LD   A,40H   
                              OUT   (SCAN),A   
                              CALL   BITIME   
                              CALL   BITIME   
                              POP   HL   
                              POP   BC   
                              POP   AF   
                              RET      
                                 ;-----------------------
                                 ; SERIAL RECEIVE ROUTINE
                                 ;-----------------------
                                 ;RECEIVE SERIAL BYTE FROM DIN
                                 ; 
                                 ; ENTRY : NONE
                                 ;  EXIT : A= RECEIVED BYTE IF CARRY CLEAR
                                 ; 
                                 ; REGISTERS MODIFIED A AND F
                                 ; 
                    RXCHAR:      
                    RXDATA:      
                              PUSH   BC   
                              PUSH   HL   
                                 ; 
                                 ; WAIT FOR START BIT 
                                 ; 
                    RXDAT1:   IN   A,(KEYBUF)   
                              BIT   7,A   
                              JR   NZ,RXDAT1   ;NO START BIT
                                 ; 
                                 ; DETECTED START BIT
                                 ; 
                              LD   HL,(BAUD)   
                              SRL   H   
                              RR   L   ;DELAY FOR HALF BIT TIME
                              CALL   BITIME   
                              IN   A,(KEYBUF)   
                              BIT   7,A   
                              JR   NZ,RXDAT1   ;START BIT NOT VALID
                                 ; 
                                 ; DETECTED VALID START BIT,READ IN DATA
                                 ; 
                              LD   B,08H   
                    RXDAT2:      
                              LD   HL,(BAUD)   
                              CALL   BITIME   ;DELAY ONE BIT TIME
                              IN   A,(KEYBUF)   
                              RL   A   
                              RR   C   ;SHIFT BIT INTO DATA REG
                              DJNZ   RXDAT2   
                              LD   A,C   
                              OR   A   ;CLEAR CARRY FLAG
                              POP   HL   
                              POP   BC   
                              RET      
                                 ; 
006B                          ELSE      ;6850
006B                             ; 
006B                             ; transmit a character in a
006B                             ;--------------------------
006B                TXDATA:      
006B                TXCHAR:      
006B   C5                     PUSH   bc   
006C   47                     LD   b,a   ;save the character  for later
006D                TXCHAR1:      
006D   DB 80                  IN   a,(STATUS)   ;get the ACIA status
006F   CB 4F                  BIT   1,a   
0071                             ;        bit   TDRE,a                ;is the TDRE bit high?
0071   28 FA                  JR   z,TxChar1   ;no, the TDR is not empty
0073   78                     LD   a,b   ;yes, get the character
0074   D3 81                  OUT   (TDR),a   ;and put it in the TDR
0076   C1                     POP   bc   
0077   C9                     RET      
0078                             ; 
0078                             ; receive  a character in a
0078                             ;---------------------------------
0078                RXDATA:      
0078                RXCHAR:      
0078   DB 80                  IN   a,(STATUS)   ;get the ACIA status
007A   CB 47                  BIT   0,a   
007C                             ;        bit   RDRF,a             ;is the RDRF bit high?
007C   28 FA                  JR   z,RxChar   ;no, the RDR is empty
007E   DB 81                  IN   a,(RDR)   ;yes, read the received char
0080   C9                     RET      
0081                          ENDIF      
0081                             ; 
0081                          IF   LOADER   
                                 ;   .ORG   ROMSTART + $0700
                                 ;-----------------------
                                 ; RECEIVE INTEL HEX FILE
                                 ;-----------------------
                    INTELH:      
                              LD   IX,BUF   
                                 ; 
                                 ; WAIT FOR RECORD MARK
                                 ; 
                    INTEL1:      
                              XOR   A   
                              LD   (IX+3),A   ;CLEAR CHECKSUM
                              CALL   RXDATA   ;WAIT FOR THE RECORD MARK
                              CP   ":"   ;TO BE TRANSMITTED
                              JR   NZ,INTEL1   ;NOT RECORD MARK
                                 ; 
                                 ; GET RECORD LENGTH
                                 ; 
                              CALL   GETBYT   
                              LD   (IX+0),A   ;NUMBER OF DATA BYTES
                                 ; 
                                 ; GET ADDRESS FIELD
                                 ; 
                              CALL   GETBYT   
                              LD   (IX+2),A   ;LOAD ADDRESS HIGH BYTE
                              CALL   GETBYT   
                              LD   (IX+1),A   ;LOAD ADDRESS LOW BYTE
                                 ; 
                                 ; GET RECORD TYPE
                                 ; 
                              CALL   GETBYT   
                              JR   NZ,INTEL4   ;END OF FILE RECORD
                                 ; 
                                 ; READ IN THE DATA
                                 ; 
                              LD   B,(IX+0)   ;NUMBER OF DATA BYTES
                              LD   H,(IX+2)   ;LOAD ADDRESS HIGH BYTE
                              LD   L,(IX+1)   ;LOAD ADDRESS LOW BYTE
                                 ; 
                    INTEL2:      
                              CALL   GETBYT   ;GET DATA BYTE
                              LD   (HL),A   ;STORE DATA BYTE
                              INC   HL   
                              DJNZ   INTEL2   ;LOAD MORE BYTES
                                 ; 
                                 ; GET CHECKSUM AND COMPARE
                                 ; 
                              LD   A,(IX+3)   ;CONVERT CHECKSUM TO
                              NEG      ;TWO'S COMPLEMENT
                              LD   (IX+4),A   ;SAVE COMPUTED CHECKSUM
                              CALL   GETBYT   
                              LD   (IX+3),A   ;SAVE RECORD CHECKSUM
                              CP   (IX+4)   ;COMPARE CHECKSUM
                              JR   Z,INTEL1   ;CHECKSUM OK,NEXT RECORD
                              RET      ;NZ=CHECKSUM ERROR
                                 ; 
                                 ; END OF FILE RECORD
                                 ; 
                    INTEL4:      
                              LD   A,(IX+3)   ;CONVERT CHECKSUM TO
                              NEG      ;TWO'S COMPLEMENT
                              LD   (IX+4),A   ;SAVE COMPUTED CHECKSUM
                              CALL   GETBYT   
                              LD   (IX+3),A   ;SAVE EOF CHECKSUM
                              CP   (IX+4)   ;COMPARE CHECKSUM
                              RET      ;NZ=CHECKSUM ERROR
                                 ;--------------------------
                                 ; GET BYTE FROM SERIAL PORT
                                 ;--------------------------
                    GETBYT:      
                              PUSH   BC   
                              CALL   RXDATA   
                              BIT   6,A   
                              JR   Z,GETBT1   
                              ADD   A,09H   
                    GETBT1:      
                              AND   0FH   
                              SLA   A   
                              SLA   A   
                              SLA   A   
                              SLA   A   
                              LD   C,A   
                                 ; 
                                 ; GET LOW NYBBLE
                                 ; 
                              CALL   RXDATA   
                              BIT   6,A   
                              JR   Z,GETBT2   
                              ADD   A,09H   
                    GETBT2:   AND   0FH   
                              OR   C   
                              LD   B,A   
                              ADD   A,(IX+3)   
                              LD   (IX+3),A   ;ADD TO CHECKSUM
                              LD   A,B   
                              AND   A   ;CLEAR CARRY
                              POP   BC   
                              RET      
0081                          ENDIF      
0081                             ; 
0081                             ; in this example code just wait for an INTEL Hex file download
0081                             ;just going to send a char to let you know I'm here
0081                          IF   LOADER   
                                 ; 
                    LOAD:        
                              LD   a,"L"   ; L for load
                              CALL   TxChar   
                              CALL   INTELH   
                              JP   z,RAMSTART   ;assume the downloaded code starts here
                              LD   a,"0"   ;0 is false
                              CALL   TxChar   
                              JR   load   ;if at first you don't succeed...
0081                          ENDIF      
0081                             ; 
0081                GETCHAR:      
0081   E5                     PUSH   HL   
0082   2A 18 0A               LD   HL,(GETCVEC)   
0085   E3                     EX   (SP),HL   
0086   C9                     RET      
0087                             ; 
0087                PUTCHAR:      
0087   E5                     PUSH   HL   
0088   2A 1A 0A               LD   HL,(PUTCVEC)   
008B   E3                     EX   (SP),HL   
008C   C9                     RET      
008D                             ; 
008D                RESET:       
008D   31 00 0A               LD   SP,stack   
0090   21 5F 00               LD   HL,IntRet   
0093   22 06 0A               LD   (RST08),HL   
0096   22 08 0A               LD   (RST10),HL   
0099   22 0A 0A               LD   (RST18),HL   
009C   22 0C 0A               LD   (RST20),HL   
009F   22 0E 0A               LD   (RST28),HL   
00A2   22 10 0A               LD   (RST30),HL   
00A5   22 14 0A               LD   (INTVEC),HL   
00A8   22 16 0A               LD   (NMIVEC),HL   
00AB                             ; 
00AB   21 78 00               LD   HL,RXDATA   
00AE   22 18 0A               LD   (GETCVEC),HL   
00B1   21 6B 00               LD   HL,TXDATA   
00B4   22 1A 0A               LD   (PUTCVEC),HL   
00B7                             ; 
00B7                          IF   TEC_1   
00B7                          IF   BITBANG = 0   
00B7                             ; 
00B7   3E 03                  LD   a,MRESET   
00B9   D3 80                  OUT   (CONTROL),a   ;reset the ACIA
00BB                             ; 
00BB                          ENDIF      
00BB                          ENDIF      
00BB                             ; 
00BB   CD 50 00               CALL   PWRUP   
00BE   ED 56                  IM   1   
00C0   FB                     EI      
00C1                             ; 
00C1                          IF   TEC_1   
00C1                          IF   BITBANG   
                                 ; 
                                 ;inline serial initialisation
                              LD   A,$40   
                              LD   C,SCAN   
                              OUT   (C),A   
                              LD   HL,B4800   
                              LD   (BAUD),HL   
                                 ; 
00C1                          ELSE      ;6850      
00C1                             ; 
00C1   3E 12                  LD   a,RTSLID+F8N2+DIV_64   
00C3   D3 80                  OUT   (CONTROL),a   ;initialise ACIA  8 bit word, No parity 2 stop divide by 64 for 115200 baud
00C5                             ; 
00C5                          ENDIF      
00C5                          ENDIF      
00C5                             ; 
00C5                             ; 
00C5                             ; 
00C5   C3 5F 02               JP   start   ; into #180 of the prog
00C8                             ; 
00C8                             ; *************************************************************************
00C8                             ; 
00C8                             ;       TecM8 1.0 Assembler for the Tec-1
00C8                             ; 
00C8                             ;       John Hardy
00C8                             ;       incorporates code by Ken Boak and Craig Jones
00C8                             ; 
00C8                             ;       GNU GENERAL PUBLIC LICENSE                   Version 3, 29 June 2007
00C8                             ; 
00C8                             ;       see the LICENSE file in this repo for more information
00C8                             ; 
00C8                             ; *****************************************************************************
00C8                             ; **************************************************************************
00C8                             ; Constants
00C8                             ; **************************************************************************
00C8                TRUE:     EQU   -1   
00C8                FALSE:    EQU   0   
00C8                CTRL_C:   EQU   3   
00C8                CTRL_H:   EQU   8   
00C8                             ; **************************************************************************
00C8                             ; Page 0  Initialisation
00C8                             ; **************************************************************************		
0180                          .ORG   ROMSTART + $180   ; 0+180 put TecM8 code from here	
0180                OPCODES:      
0180   02                     DB   lsb(bang_)   ;   !
0181   00                     DB   lsb(dquote_)   ;   "
0182   00                     DB   lsb(hash_)   ;   #
0183   00                     DB   lsb(dollar_)   ;   $
0184   00                     DB   lsb(percent_)   ;   %
0185   00                     DB   lsb(amper_)   ;   &
0186   00                     DB   lsb(quote_)   ;   '
0187   00                     DB   lsb(lparen_)   ;   (
0188   00                     DB   lsb(rparen_)   ;   )
0189   00                     DB   lsb(star_)   ;   *
018A   12                     DB   lsb(plus_)   ;   +
018B   00                     DB   lsb(comma_)   ;   ,
018C   00                     DB   lsb(minus_)   ;   -
018D   20                     DB   lsb(dot_)   ;   .
018E   00                     DB   lsb(slash_)   ;   /	
018F   3C                     DB   lsb(colon_)   ;    :
0190   2B                     DB   lsb(semi_)   ;    ;
0191   00                     DB   lsb(lt_)   ;    <
0192   00                     DB   lsb(eq_)   ;    =
0193   00                     DB   lsb(gt_)   ;    >
0194   00                     DB   lsb(question_)   ;    ?
0195   00                     DB   lsb(at_)   ;    @
0196   00                     DB   lsb(lbrack_)   ;    [
0197   00                     DB   lsb(bslash_)   ;    \
0198   00                     DB   lsb(rbrack_)   ;    ]
0199   00                     DB   lsb(caret_)   ;    ^
019A   00                     DB   lsb(underscore_)   ;    _
019B   00                     DB   lsb(grave_)   ;    `
019C   00                     DB   lsb(lbrace_)   ;    {
019D   00                     DB   lsb(pipe_)   ;    |
019E   00                     DB   lsb(rbrace_)   ;    }
019F   00                     DB   lsb(tilde_)   ;    ~
01A0                          ALIGN   $100   
0200                NOP_:        
0200                BSLASH_:      
0200                QUOTE_:      ; Discard the top member of the stack
0200                AT_:         
0200                UNDERSCORE_:      
0200                PERCENT_:      
0200                AMPER_:      
0200                PIPE_:       
0200                CARET_:      
0200                TILDE_:      
0200                INVERT:      ; Bitwise INVert the top member of the stack
0200                DQUOTE_:      
0200                COMMA_:      ; print hexadecimal
0200                LBRACE_:      
0200                RBRACE_:      
0200                DOLLAR_:      
0200                MINUS_:      ; Subtract the value 2nd on stack from top of stack
0200                EQ_:         
0200                GT_:         
0200                LT_:         
0200                GRAVE_:      
0200                RPAREN_:      
0200                LBRACK_:      
0200                RBRACK_:      
0200                LPAREN_:      
0200                SLASH_:      
0200                QUESTION_:      
0200                HASH_:       
0200                STAR_:       
0200   FD E9                  JP   (iy)   
0202                BANG_:       ; Store the value at the address placed on the top of the stack
0202                ASSIGN:      
0202   E1                     POP   hl   ; discard value of last accessed variable
0203   D1                     POP   de   ; new value
0204   2A 9E 0B               LD   hl,(vPointer)   
0207   73                     LD   (hl),e   
0208   3A 6A 0B               LD   a,(vByteMode)   
020B   3C                     INC   a   ; is it byte?
020C   28 02                  JR   z,assign1   
020E   23                     INC   hl   
020F   72                     LD   (hl),d   
0210                ASSIGN1:      
0210   FD E9                  JP   (iy)   
0212                PLUS_:       ; add the top 2 members of the stack
0212   D1                     POP   de   
0213   E1                     POP   hl   
0214   19                     ADD   hl,de   
0215   E5                     PUSH   hl   
0216   21 00 00               LD   hl,0   
0219   CB 15                  RL   l   
021B   22 6C 0B               LD   (vCarry),hl   
021E   FD E9                  JP   (iy)   
0220                DOT_:        
0220   E1                     POP   hl   
0221   CD C1 03               CALL   printDec   
0224                DOT2:        
0224   3E 20                  LD   a," "   
0226   CD 87 00               CALL   putChar   
0229   FD E9                  JP   (iy)   
022B                SEMI_:       
022B   DD 2A 9C 0B            LD   ix,(vBasePtr)   ; 
022F   CD A3 03               CALL   rpop   ; Restore old base pointer
0232   22 9C 0B               LD   (vBasePtr),hl   
0235   CD A3 03               CALL   rpop   ; Restore Instruction pointer
0238   44 4D                  LD   bc,hl   
023A   FD E9                  JP   (iy)   
023C                COLON_:      
023C   C3 09 04               JP   def   
023F                INIT:        
023F   DD 21 80 09            LD   ix,RSTACK   
0243   DD 22 9C 0B            LD   (vBasePtr),ix   
0247   FD 21 B2 02            LD   iy,next   ; iy provides a faster jump to next
024B   21 00 0B               LD   hl,vars   
024E   54 5D                  LD   de,hl   
0250   13                     INC   de   
0251   36 00                  LD   (hl),0   
0253   01 9C 00               LD   bc,VARS_SIZE * 3   ; init vars, defs and altVars
0256   ED B0                  LDIR      
0258   21 A0 0B               LD   hl,HEAP   
025B   22 76 0B               LD   (vHeapPtr),hl   
025E   C9                     RET      
025F                START:       ; start of TecM8
025F   31 00 0A               LD   sp,DSTACK   
0262   CD 3F 02               CALL   init   
0265   CD 88 03               CALL   printStr   ; prog count to stack, put code line 235 on stack then call print
0268   54 65 63 4D 38 20 30 2E 30 0D 0A 00 .CSTR   "TecM8 0.0\r\n"   
0274                INTERPRET:      
0274   CD 78 03               CALL   prompt   
0277   01 00 08               LD   bc,TIB   ; load bc with offset into TIB, decide char into tib or execute or control
027A                INTERPRET2:      ; calc nesting
027A   CD 81 00               CALL   getchar   ; loop around waiting for character from serial port
027D   FE 20                  CP   $20   ; compare to space
027F   38 07                  JR   C,interpret3   ; if >= space, if below 20 set cary flag
0281   02                     LD   (bc),A   ; store the character in textbuf
0282   03                     INC   bc   
0283   CD 87 00               CALL   putchar   ; echo character to screen
0286   18 F2                  JR   interpret2   ; wait for next character
0288                INTERPRET3:      
0288   FE 0D                  CP   "\r"   ; carriage return? ascii 13
028A   28 1C                  JR   Z,interpret4   ; if anything else its control char
028C   FE 0A                  CP   "\n"   ; carriage return? ascii 13
028E   28 18                  JR   Z,interpret4   ; if anything else its control char
0290   FE 08                  CP   CTRL_H   ; backSpace ?
0292   20 E6                  JR   nz,interpret2   
0294   21 00 08               LD   hl,TIB   ; is bc at start of TIB
0297   B7                     OR   a   
0298   ED 42                  SBC   hl,bc   
029A   7C                     LD   a,h   ; is bc at start of TIB?
029B   B5                     OR   l   
029C   28 DC                  JR   z,interpret2   
029E   0B                     DEC   bc   
029F   CD 88 03               CALL   printStr   
02A2   08 20 08 00            .CSTR   "\b \b"   
02A6   18 D2                  JR   interpret2   
02A8                INTERPRET4:      
02A8   3E 0A                  LD   a,"\n"   
02AA   02                     LD   (bc),a   ; store null in text buffer
02AB   CD 81 03               CALL   crlf   ; echo newline to screen
02AE   01 00 08               LD   bc,TIB   ; Instructions stored on heap at address HERE, we pressed enter
02B1   0B                     DEC   bc   
02B2                NEXT:        
02B2   03                     INC   bc   ; Increment the IP
02B3   0A                     LD   a,(bc)   ; Get the next character and dispatch
02B4   B7                     OR   a   ; is it NUL?
02B5   28 30                  JR   z,exit   
02B7   FE 0A                  CP   "\n"   ; is it newline?
02B9   28 B9                  JR   z,interpret   
02BB   FE 30                  CP   "0"   
02BD   16 21                  LD   d,"!"   
02BF   38 1B                  JR   c,op   
02C1   FE 3A                  CP   "9"+1   
02C3   38 36                  JR   c,num   
02C5   FE 41                  CP   "A"   
02C7   16 2B                  LD   d,"!"+10   
02C9   38 11                  JR   c,op   
02CB   FE 5B                  CP   "Z"+1   
02CD   38 5B                  JR   c,callx   
02CF   FE 61                  CP   "a"   
02D1   16 45                  LD   d,"!"+10+26   
02D3   38 07                  JR   c,op   
02D5   FE 7B                  CP   "z"+1   
02D7   DA 4E 03               JP   c,var   
02DA   16 5F                  LD   d,"!"+10+26+26   
02DC                OP:          
02DC   92                     SUB   d   
02DD   38 D3                  JR   c,next   
02DF   C6 80                  ADD   a,lsb(opcodes)   
02E1   6F                     LD   l,A   ; Index into table
02E2   26 01                  LD   h,msb(opcodes)   ; Start address of jump table
02E4   6E                     LD   l,(hl)   ; get low jump address
02E5   24                     INC   h   ; msb on next page
02E6   E9                     JP   (hl)   ; Jump to routine
02E7                EXIT:        
02E7   03                     INC   bc   ; store offests into a table of bytes, smaller
02E8   50 59                  LD   de,bc   
02EA   DD 2A 9C 0B            LD   ix,(vBasePtr)   ; 
02EE   CD A3 03               CALL   rpop   ; Restore old base pointer
02F1   22 9C 0B               LD   (vBasePtr),hl   
02F4   CD A3 03               CALL   rpop   ; Restore Instruction pointer
02F7   44 4D                  LD   bc,hl   
02F9   EB                     EX   de,hl   
02FA   E9                     JP   (hl)   
02FB                NUM:         
02FB   21 00 00               LD   hl,$0000   ; Clear hl to accept the number
02FE   FE 2D                  CP   "-"   
0300   20 01                  JR   nz,num0   
0302   03                     INC   bc   ; move to next char, no flags affected
0303                NUM0:        
0303   08                     EX   af,af'   ; save zero flag = 0 for later
0304                NUM1:        
0304   0A                     LD   a,(bc)   ; read digit
0305   D6 30                  SUB   "0"   ; less than 0?
0307   38 13                  JR   c,num2   ; not a digit, exit loop
0309   FE 0A                  CP   10   ; greater that 9?
030B   30 0F                  JR   nc,num2   ; not a digit, exit loop
030D   03                     INC   bc   ; inc IP
030E   54 5D                  LD   de,hl   ; multiply hl * 10
0310   29                     ADD   hl,hl   
0311   29                     ADD   hl,hl   
0312   19                     ADD   hl,de   
0313   29                     ADD   hl,hl   
0314   85                     ADD   a,l   ; add digit in a to hl
0315   6F                     LD   l,a   
0316   3E 00                  LD   a,0   
0318   8C                     ADC   a,h   
0319   67                     LD   h,a   
031A   18 E8                  JR   num1   
031C                NUM2:        
031C   0B                     DEC   bc   
031D   08                     EX   af,af'   ; restore zero flag
031E   20 07                  JR   nz,num3   
0320   EB                     EX   de,hl   ; negate the value of hl
0321   21 00 00               LD   hl,0   
0324   B7                     OR   a   ; jump to sub2
0325   ED 52                  SBC   hl,de   
0327                NUM3:        
0327   E5                     PUSH   hl   ; Put the number on the stack
0328   FD E9                  JP   (iy)   ; and process the next character
032A                CALLX:       
032A   CD 65 03               CALL   lookupRef0   
032D   5E                     LD   E,(hl)   
032E   23                     INC   hl   
032F   56                     LD   D,(hl)   
0330   7A                     LD   a,D   ; skip if destination address is null
0331   B3                     OR   E   
0332   28 18                  JR   Z,call2   
0334   60 69                  LD   hl,bc   
0336   03                     INC   bc   ; read next char from source
0337   0A                     LD   a,(bc)   ; if ; to tail call optimise
0338   FE 3B                  CP   ";"   ; by jumping to rather than calling destination
033A   28 0D                  JR   Z,call1   
033C   CD 98 03               CALL   rpush   ; save Instruction Pointer
033F   2A 9C 0B               LD   hl,(vBasePtr)   
0342   CD 98 03               CALL   rpush   
0345   DD 22 9C 0B            LD   (vBasePtr),ix   
0349                CALL1:       
0349   42 4B                  LD   bc,de   
034B   0B                     DEC   bc   
034C                CALL2:       
034C   FD E9                  JP   (iy)   
034E                VAR:         
034E   21 00 0B               LD   hl,vars   
0351   CD 6C 03               CALL   lookupRef   
0354                VAR1:        
0354   22 9E 0B               LD   (vPointer),hl   
0357   16 00                  LD   d,0   
0359   5E                     LD   e,(hl)   
035A   3A 6A 0B               LD   a,(vByteMode)   
035D   3C                     INC   a   ; is it byte?
035E   28 02                  JR   z,var2   
0360   23                     INC   hl   
0361   56                     LD   d,(hl)   
0362                VAR2:        
0362   D5                     PUSH   de   
0363   FD E9                  JP   (iy)   
0365                LOOKUPREF0:      
0365   21 34 0B               LD   hl,defs   
0368   D6 41                  SUB   "A"   
036A   18 02                  JR   lookupRef1   
036C                LOOKUPREF:      
036C   D6 61                  SUB   "a"   
036E                LOOKUPREF1:      
036E   87                     ADD   a,a   
036F   85                     ADD   a,l   
0370   6F                     LD   l,a   
0371   3E 00                  LD   a,0   
0373   8C                     ADC   a,h   
0374   67                     LD   h,a   
0375   AF                     XOR   a   
0376   B3                     OR   e   ; sets Z flag if A-Z
0377   C9                     RET      
0378                PROMPT:      
0378   CD 88 03               CALL   printStr   
037B   0D 0A 3E 20 00         .CSTR   "\r\n> "   
0380   C9                     RET      
0381                CRLF:        
0381   CD 88 03               CALL   printStr   
0384   0D 0A 00               .CSTR   "\r\n"   
0387   C9                     RET      
0388                PRINTSTR:      
0388   E3                     EX   (sp),hl   ; swap			
0389   CD 93 03               CALL   putStr   
038C   23                     INC   hl   ; inc past null
038D   E3                     EX   (sp),hl   ; put it back	
038E   C9                     RET      
038F                PUTSTR0:      
038F   CD 87 00               CALL   putchar   
0392   23                     INC   hl   
0393                PUTSTR:      
0393   7E                     LD   a,(hl)   
0394   B7                     OR   A   
0395   20 F8                  JR   NZ,putStr0   
0397   C9                     RET      
0398                RPUSH:       
0398   DD 2B                  DEC   ix   
039A   DD 74 00               LD   (ix+0),H   
039D   DD 2B                  DEC   ix   
039F   DD 75 00               LD   (ix+0),L   
03A2   C9                     RET      
03A3                RPOP:        
03A3   DD 6E 00               LD   L,(ix+0)   
03A6   DD 23                  INC   ix   
03A8   DD 66 00               LD   H,(ix+0)   
03AB   DD 23                  INC   ix   
03AD                RPOP2:       
03AD   C9                     RET      
03AE                ENTER:       
03AE   60 69                  LD   hl,bc   
03B0   CD 98 03               CALL   rpush   ; save Instruction Pointer
03B3   2A 9C 0B               LD   hl,(vBasePtr)   
03B6   CD 98 03               CALL   rpush   
03B9   DD 22 9C 0B            LD   (vBasePtr),ix   
03BD   C1                     POP   bc   
03BE   0B                     DEC   bc   
03BF   FD E9                  JP   (iy)   
03C1                             ; hl = value
03C1                PRINTDEC:      
03C1   CB 7C                  BIT   7,h   
03C3   28 0B                  JR   z,printDec2   
03C5   3E 2D                  LD   a,"-"   
03C7   CD 87 00               CALL   putchar   
03CA   AF                     XOR   a   
03CB   95                     SUB   l   
03CC   6F                     LD   l,a   
03CD   9F                     SBC   a,a   
03CE   94                     SUB   h   
03CF   67                     LD   h,a   
03D0                PRINTDEC2:      
03D0   C5                     PUSH   bc   
03D1   0E 00                  LD   c,0   ; leading zeros flag = false
03D3   11 F0 D8               LD   de,-10000   
03D6   CD F2 03               CALL   printDec4   
03D9   11 18 FC               LD   de,-1000   
03DC   CD F2 03               CALL   printDec4   
03DF   11 9C FF               LD   de,-100   
03E2   CD F2 03               CALL   printDec4   
03E5   1E F6                  LD   e,-10   
03E7   CD F2 03               CALL   printDec4   
03EA   0C                     INC   c   ; flag = true for at least digit
03EB   1E FF                  LD   e,-1   
03ED   CD F2 03               CALL   printDec4   
03F0   C1                     POP   bc   
03F1   C9                     RET      
03F2                PRINTDEC4:      
03F2   06 2F                  LD   b,"0"-1   
03F4                PRINTDEC5:      
03F4   04                     INC   b   
03F5   19                     ADD   hl,de   
03F6   38 FC                  JR   c,printDec5   
03F8   ED 52                  SBC   hl,de   
03FA   3E 30                  LD   a,"0"   
03FC   B8                     CP   b   
03FD   20 05                  JR   nz,printDec6   
03FF   AF                     XOR   a   
0400   B1                     OR   c   
0401   C8                     RET   z   
0402   18 01                  JR   printDec7   
0404                PRINTDEC6:      
0404   0C                     INC   c   
0405                PRINTDEC7:      
0405   78                     LD   a,b   
0406   C3 87 00               JP   putchar   
0409                DEF:         ; Create a colon definition
0409   03                     INC   bc   
040A   0A                     LD   a,(bc)   ; Get the next character
040B   FE 3A                  CP   ":"   ; is it anonymouse
040D   20 08                  JR   nz,def0   
040F   03                     INC   bc   
0410   ED 5B 76 0B            LD   de,(vHeapPtr)   ; return start of definition
0414   D5                     PUSH   de   
0415   18 0B                  JR   def1   
0417                DEF0:        
0417   CD 65 03               CALL   lookupRef0   
041A   ED 5B 76 0B            LD   de,(vHeapPtr)   ; start of defintion
041E   73                     LD   (hl),E   ; Save low byte of address in CFA
041F   23                     INC   hl   
0420   72                     LD   (hl),D   ; Save high byte of address in CFA+1
0421   03                     INC   bc   
0422                DEF1:        ; Skip to end of definition
0422   0A                     LD   a,(bc)   ; Get the next character
0423   03                     INC   bc   ; Point to next character
0424   12                     LD   (de),A   
0425   13                     INC   de   
0426   FE 3B                  CP   ";"   ; Is it a semicolon
0428   28 02                  JR   Z,def2   ; end the definition
042A   18 F6                  JR   def1   ; get the next element
042C                DEF2:        
042C   0B                     DEC   bc   
042D                DEF3:        
042D   ED 53 76 0B            LD   (vHeapPtr),de   ; bump heap ptr to after definiton
0431   FD E9                  JP   (iy)   
0433                             ; *******************************************************************************
0433                             ; *********  END OF MAIN   ******************************************************
0433                             ; *******************************************************************************
0433                DSIZE:    EQU   $80   
0433                RSIZE:    EQU   $80   
0433                TIBSIZE:   EQU   $100   ; 256 bytes , along line!
0433                VARS_SIZE:   EQU   26*2   
0800                          .ORG   RAMSTART   
0800                TIB:      DS   TIBSIZE   
0900                          DS   RSIZE   
0980                RSTACK:      
0980                          DS   DSIZE   
0A00                DSTACK:      
0A00                STACK:       
0A00                TBPTR:    DS   2   ; reserved for tests
0A02                VTEMP1:   DS   2   ; 
0A04                VTEMP2:   DS   2   ; 
0A06                RST08:    DS   2   
0A08                RST10:    DS   2   
0A0A                RST18:    DS   2   
0A0C                RST20:    DS   2   
0A0E                RST28:    DS   2   
0A10                RST30:    DS   2   ; 
0A12                BAUD:     DS   2   ; 
0A14                INTVEC:   DS   2   ; 
0A16                NMIVEC:   DS   2   ; 
0A18                GETCVEC:   DS   2   ; 
0A1A                PUTCVEC:   DS   2   ; 
0A1C                          ALIGN   $100   
0B00                VARS:     DS   VARS_SIZE   
0B34                DEFS:     DS   VARS_SIZE   
0B68                ALTVARS:      
0B68                          DS   2   ; a
0B6A                VBYTEMODE:   DS   2   ; b
0B6C                VCARRY:   DS   2   ; c carry variable
0B6E                          DS   2   ; d
0B70                          DS   2   ; e
0B72                          DS   2   ; f
0B74                          DS   2   ; g
0B76                VHEAPPTR:   DS   2   ; h heap pointer variable
0B78                          DS   2   ; i loop variable
0B7A                          DS   2   ; j outer loop variable
0B7C                          DS   2   ; k
0B7E                          DS   2   ; l
0B80                          DS   2   ; m
0B82                          DS   2   ; n
0B84                          DS   2   ; o
0B86                          DS   2   ; p
0B88                          DS   2   ; q
0B8A                VREMAIN:   DS   2   ; r remainder of last division
0B8C                          DS   2   ; s address of start of stack
0B8E                          DS   2   ; t
0B90                          DS   2   ; u
0B92                          DS   2   ; v
0B94                          DS   2   ; w
0B96                          DS   2   ; x
0B98                          DS   2   ; y
0B9A                          DS   2   ; z name of last defined function
0B9C                VBASEPTR:   DS   2   
0B9E                VPOINTER:   DS   2   
0BA0                HEAP:        


TEC_1:              0001 DEFINED AT LINE 1 IN constants.asm
RC2014:             0000 DEFINED AT LINE 2 IN constants.asm
EXTENDED:           0000 DEFINED AT LINE 4 IN constants.asm
LOADER:             0000 DEFINED AT LINE 20 IN constants.asm
BITBANG:            0000 DEFINED AT LINE 21 IN constants.asm
ROMSTART:           0000 DEFINED AT LINE 23 IN constants.asm
                    > USED AT LINE 100 IN IOSerial.asm
                    > USED AT LINE 105 IN IOSerial.asm
                    > USED AT LINE 111 IN IOSerial.asm
                    > USED AT LINE 117 IN IOSerial.asm
                    > USED AT LINE 123 IN IOSerial.asm
                    > USED AT LINE 129 IN IOSerial.asm
                    > USED AT LINE 135 IN IOSerial.asm
                    > USED AT LINE 141 IN IOSerial.asm
                    > USED AT LINE 147 IN IOSerial.asm
                    > USED AT LINE 189 IN IOSerial.asm
                    > USED AT LINE 27 IN MAIN.asm
RAMSTART:           0800 DEFINED AT LINE 24 IN constants.asm
                    > USED AT LINE 6 IN ram.asm
ROMSIZE:            0800 DEFINED AT LINE 25 IN constants.asm
RAMSIZE:            0800 DEFINED AT LINE 26 IN constants.asm
CONTROL:            0080 DEFINED AT LINE 22 IN IOSerial.asm
                    > USED AT LINE 467 IN IOSerial.asm
                    > USED AT LINE 489 IN IOSerial.asm
STATUS:             0080 DEFINED AT LINE 23 IN IOSerial.asm
                    > USED AT LINE 298 IN IOSerial.asm
                    > USED AT LINE 311 IN IOSerial.asm
TDR:                0081 DEFINED AT LINE 24 IN IOSerial.asm
                    > USED AT LINE 303 IN IOSerial.asm
RDR:                0081 DEFINED AT LINE 25 IN IOSerial.asm
                    > USED AT LINE 315 IN IOSerial.asm
MRESET:             0003 DEFINED AT LINE 32 IN IOSerial.asm
                    > USED AT LINE 466 IN IOSerial.asm
DIV_64:             0002 DEFINED AT LINE 35 IN IOSerial.asm
                    > USED AT LINE 488 IN IOSerial.asm
F7E2:               0000 DEFINED AT LINE 39 IN IOSerial.asm
F7O2:               0004 DEFINED AT LINE 40 IN IOSerial.asm
F7E1:               0008 DEFINED AT LINE 41 IN IOSerial.asm
F7O1:               000C DEFINED AT LINE 42 IN IOSerial.asm
F8N2:               0010 DEFINED AT LINE 43 IN IOSerial.asm
                    > USED AT LINE 488 IN IOSerial.asm
F8N1:               0014 DEFINED AT LINE 44 IN IOSerial.asm
F8E1:               0018 DEFINED AT LINE 45 IN IOSerial.asm
F8O1:               001C DEFINED AT LINE 46 IN IOSerial.asm
RTSLID:             0000 DEFINED AT LINE 50 IN IOSerial.asm
                    > USED AT LINE 488 IN IOSerial.asm
RTSLIE:             0020 DEFINED AT LINE 51 IN IOSerial.asm
RTSHID:             0040 DEFINED AT LINE 52 IN IOSerial.asm
RTSLIDB:            0060 DEFINED AT LINE 53 IN IOSerial.asm
RIE:                0080 DEFINED AT LINE 57 IN IOSerial.asm
RDRF:               0000 DEFINED AT LINE 61 IN IOSerial.asm
TDRE:               0001 DEFINED AT LINE 62 IN IOSerial.asm
DCD:                0002 DEFINED AT LINE 63 IN IOSerial.asm
CTS:                0003 DEFINED AT LINE 64 IN IOSerial.asm
FE:                 0004 DEFINED AT LINE 65 IN IOSerial.asm
OVRN:               0005 DEFINED AT LINE 66 IN IOSerial.asm
PE:                 0006 DEFINED AT LINE 67 IN IOSerial.asm
IRQ:                0007 DEFINED AT LINE 68 IN IOSerial.asm
KEYBUF:             0000 DEFINED AT LINE 76 IN IOSerial.asm
SCAN:               0001 DEFINED AT LINE 77 IN IOSerial.asm
DISPLY:             0002 DEFINED AT LINE 78 IN IOSerial.asm
PORT3:              0003 DEFINED AT LINE 79 IN IOSerial.asm
PORT4:              0004 DEFINED AT LINE 80 IN IOSerial.asm
PORT5:              0005 DEFINED AT LINE 81 IN IOSerial.asm
PORT6:              0006 DEFINED AT LINE 82 IN IOSerial.asm
PORT7:              0007 DEFINED AT LINE 83 IN IOSerial.asm
ESC:                001B DEFINED AT LINE 96 IN IOSerial.asm
CR:                 000D DEFINED AT LINE 97 IN IOSerial.asm
LF:                 000A DEFINED AT LINE 98 IN IOSerial.asm
RSTVEC:             0000 DEFINED AT LINE 102 IN IOSerial.asm
SEVENSEGMENT:       0040 DEFINED AT LINE 152 IN IOSerial.asm
PWRUP:              0050 DEFINED AT LINE 174 IN IOSerial.asm
                    > USED AT LINE 472 IN IOSerial.asm
BITIME:             0053 DEFINED AT LINE 176 IN IOSerial.asm
BITIM1:             0058 DEFINED AT LINE 180 IN IOSerial.asm
                    > USED AT LINE 182 IN IOSerial.asm
INTRET:             005F DEFINED AT LINE 185 IN IOSerial.asm
                    > USED AT LINE 448 IN IOSerial.asm
TXDATA:             006B DEFINED AT LINE 293 IN IOSerial.asm
                    > USED AT LINE 460 IN IOSerial.asm
TXCHAR:             006B DEFINED AT LINE 294 IN IOSerial.asm
TXCHAR1:            006D DEFINED AT LINE 297 IN IOSerial.asm
                    > USED AT LINE 301 IN IOSerial.asm
RXDATA:             0078 DEFINED AT LINE 309 IN IOSerial.asm
                    > USED AT LINE 458 IN IOSerial.asm
RXCHAR:             0078 DEFINED AT LINE 310 IN IOSerial.asm
                    > USED AT LINE 314 IN IOSerial.asm
GETCHAR:            0081 DEFINED AT LINE 434 IN IOSerial.asm
                    > USED AT LINE 171 IN MAIN.asm
PUTCHAR:            0087 DEFINED AT LINE 440 IN IOSerial.asm
                    > USED AT LINE 128 IN MAIN.asm
                    > USED AT LINE 176 IN MAIN.asm
                    > USED AT LINE 359 IN MAIN.asm
                    > USED AT LINE 397 IN MAIN.asm
                    > USED AT LINE 438 IN MAIN.asm
RESET:              008D DEFINED AT LINE 446 IN IOSerial.asm
                    > USED AT LINE 103 IN IOSerial.asm
TRUE:               00-1 DEFINED AT LINE 18 IN MAIN.asm
FALSE:              0000 DEFINED AT LINE 19 IN MAIN.asm
CTRL_C:             0003 DEFINED AT LINE 20 IN MAIN.asm
CTRL_H:             0008 DEFINED AT LINE 21 IN MAIN.asm
                    > USED AT LINE 184 IN MAIN.asm
OPCODES:            0180 DEFINED AT LINE 29 IN MAIN.asm
NOP_:               0200 DEFINED AT LINE 68 IN MAIN.asm
BSLASH_:            0200 DEFINED AT LINE 69 IN MAIN.asm
QUOTE_:             0200 DEFINED AT LINE 70 IN MAIN.asm
AT_:                0200 DEFINED AT LINE 71 IN MAIN.asm
UNDERSCORE_:        0200 DEFINED AT LINE 72 IN MAIN.asm
PERCENT_:           0200 DEFINED AT LINE 73 IN MAIN.asm
AMPER_:             0200 DEFINED AT LINE 74 IN MAIN.asm
PIPE_:              0200 DEFINED AT LINE 75 IN MAIN.asm
CARET_:             0200 DEFINED AT LINE 76 IN MAIN.asm
TILDE_:             0200 DEFINED AT LINE 77 IN MAIN.asm
INVERT:             0200 DEFINED AT LINE 78 IN MAIN.asm
DQUOTE_:            0200 DEFINED AT LINE 79 IN MAIN.asm
COMMA_:             0200 DEFINED AT LINE 80 IN MAIN.asm
LBRACE_:            0200 DEFINED AT LINE 81 IN MAIN.asm
RBRACE_:            0200 DEFINED AT LINE 82 IN MAIN.asm
DOLLAR_:            0200 DEFINED AT LINE 83 IN MAIN.asm
MINUS_:             0200 DEFINED AT LINE 84 IN MAIN.asm
EQ_:                0200 DEFINED AT LINE 85 IN MAIN.asm
GT_:                0200 DEFINED AT LINE 86 IN MAIN.asm
LT_:                0200 DEFINED AT LINE 87 IN MAIN.asm
GRAVE_:             0200 DEFINED AT LINE 88 IN MAIN.asm
RPAREN_:            0200 DEFINED AT LINE 89 IN MAIN.asm
LBRACK_:            0200 DEFINED AT LINE 90 IN MAIN.asm
RBRACK_:            0200 DEFINED AT LINE 91 IN MAIN.asm
LPAREN_:            0200 DEFINED AT LINE 92 IN MAIN.asm
SLASH_:             0200 DEFINED AT LINE 93 IN MAIN.asm
QUESTION_:          0200 DEFINED AT LINE 94 IN MAIN.asm
HASH_:              0200 DEFINED AT LINE 95 IN MAIN.asm
STAR_:              0200 DEFINED AT LINE 96 IN MAIN.asm
BANG_:              0202 DEFINED AT LINE 99 IN MAIN.asm
ASSIGN:             0202 DEFINED AT LINE 100 IN MAIN.asm
ASSIGN1:            0210 DEFINED AT LINE 110 IN MAIN.asm
                    > USED AT LINE 107 IN MAIN.asm
PLUS_:              0212 DEFINED AT LINE 113 IN MAIN.asm
DOT_:               0220 DEFINED AT LINE 123 IN MAIN.asm
DOT2:               0224 DEFINED AT LINE 126 IN MAIN.asm
SEMI_:              022B DEFINED AT LINE 131 IN MAIN.asm
COLON_:             023C DEFINED AT LINE 139 IN MAIN.asm
INIT:               023F DEFINED AT LINE 144 IN MAIN.asm
                    > USED AT LINE 162 IN MAIN.asm
START:              025F DEFINED AT LINE 160 IN MAIN.asm
                    > USED AT LINE 6
INTERPRET:          0274 DEFINED AT LINE 167 IN MAIN.asm
                    > USED AT LINE 210 IN MAIN.asm
INTERPRET2:         027A DEFINED AT LINE 170 IN MAIN.asm
                    > USED AT LINE 177 IN MAIN.asm
                    > USED AT LINE 185 IN MAIN.asm
                    > USED AT LINE 191 IN MAIN.asm
                    > USED AT LINE 195 IN MAIN.asm
INTERPRET3:         0288 DEFINED AT LINE 179 IN MAIN.asm
                    > USED AT LINE 173 IN MAIN.asm
INTERPRET4:         02A8 DEFINED AT LINE 197 IN MAIN.asm
                    > USED AT LINE 181 IN MAIN.asm
                    > USED AT LINE 183 IN MAIN.asm
NEXT:               02B2 DEFINED AT LINE 204 IN MAIN.asm
                    > USED AT LINE 147 IN MAIN.asm
                    > USED AT LINE 229 IN MAIN.asm
OP:                 02DC DEFINED AT LINE 227 IN MAIN.asm
                    > USED AT LINE 213 IN MAIN.asm
                    > USED AT LINE 218 IN MAIN.asm
                    > USED AT LINE 223 IN MAIN.asm
EXIT:               02E7 DEFINED AT LINE 237 IN MAIN.asm
                    > USED AT LINE 208 IN MAIN.asm
NUM:                02FB DEFINED AT LINE 248 IN MAIN.asm
                    > USED AT LINE 215 IN MAIN.asm
NUM0:               0303 DEFINED AT LINE 253 IN MAIN.asm
                    > USED AT LINE 251 IN MAIN.asm
NUM1:               0304 DEFINED AT LINE 255 IN MAIN.asm
                    > USED AT LINE 272 IN MAIN.asm
NUM2:               031C DEFINED AT LINE 273 IN MAIN.asm
                    > USED AT LINE 258 IN MAIN.asm
                    > USED AT LINE 260 IN MAIN.asm
NUM3:               0327 DEFINED AT LINE 281 IN MAIN.asm
                    > USED AT LINE 276 IN MAIN.asm
CALLX:              032A DEFINED AT LINE 285 IN MAIN.asm
                    > USED AT LINE 220 IN MAIN.asm
CALL1:              0349 DEFINED AT LINE 302 IN MAIN.asm
                    > USED AT LINE 297 IN MAIN.asm
CALL2:              034C DEFINED AT LINE 305 IN MAIN.asm
                    > USED AT LINE 292 IN MAIN.asm
VAR:                034E DEFINED AT LINE 308 IN MAIN.asm
                    > USED AT LINE 225 IN MAIN.asm
VAR1:               0354 DEFINED AT LINE 311 IN MAIN.asm
VAR2:               0362 DEFINED AT LINE 320 IN MAIN.asm
                    > USED AT LINE 317 IN MAIN.asm
LOOKUPREF0:         0365 DEFINED AT LINE 324 IN MAIN.asm
                    > USED AT LINE 286 IN MAIN.asm
                    > USED AT LINE 450 IN MAIN.asm
LOOKUPREF:          036C DEFINED AT LINE 328 IN MAIN.asm
                    > USED AT LINE 310 IN MAIN.asm
LOOKUPREF1:         036E DEFINED AT LINE 330 IN MAIN.asm
                    > USED AT LINE 327 IN MAIN.asm
PROMPT:             0378 DEFINED AT LINE 341 IN MAIN.asm
                    > USED AT LINE 168 IN MAIN.asm
CRLF:               0381 DEFINED AT LINE 346 IN MAIN.asm
                    > USED AT LINE 200 IN MAIN.asm
PRINTSTR:           0388 DEFINED AT LINE 351 IN MAIN.asm
                    > USED AT LINE 164 IN MAIN.asm
                    > USED AT LINE 193 IN MAIN.asm
                    > USED AT LINE 342 IN MAIN.asm
                    > USED AT LINE 347 IN MAIN.asm
PUTSTR0:            038F DEFINED AT LINE 358 IN MAIN.asm
                    > USED AT LINE 364 IN MAIN.asm
PUTSTR:             0393 DEFINED AT LINE 361 IN MAIN.asm
                    > USED AT LINE 353 IN MAIN.asm
RPUSH:              0398 DEFINED AT LINE 367 IN MAIN.asm
                    > USED AT LINE 298 IN MAIN.asm
                    > USED AT LINE 300 IN MAIN.asm
                    > USED AT LINE 384 IN MAIN.asm
                    > USED AT LINE 386 IN MAIN.asm
RPOP:               03A3 DEFINED AT LINE 374 IN MAIN.asm
                    > USED AT LINE 133 IN MAIN.asm
                    > USED AT LINE 135 IN MAIN.asm
                    > USED AT LINE 241 IN MAIN.asm
                    > USED AT LINE 243 IN MAIN.asm
RPOP2:              03AD DEFINED AT LINE 379 IN MAIN.asm
ENTER:              03AE DEFINED AT LINE 382 IN MAIN.asm
PRINTDEC:           03C1 DEFINED AT LINE 393 IN MAIN.asm
                    > USED AT LINE 125 IN MAIN.asm
PRINTDEC2:          03D0 DEFINED AT LINE 404 IN MAIN.asm
                    > USED AT LINE 395 IN MAIN.asm
PRINTDEC4:          03F2 DEFINED AT LINE 420 IN MAIN.asm
                    > USED AT LINE 408 IN MAIN.asm
                    > USED AT LINE 410 IN MAIN.asm
                    > USED AT LINE 412 IN MAIN.asm
                    > USED AT LINE 414 IN MAIN.asm
                    > USED AT LINE 417 IN MAIN.asm
PRINTDEC5:          03F4 DEFINED AT LINE 422 IN MAIN.asm
                    > USED AT LINE 425 IN MAIN.asm
PRINTDEC6:          0404 DEFINED AT LINE 434 IN MAIN.asm
                    > USED AT LINE 429 IN MAIN.asm
PRINTDEC7:          0405 DEFINED AT LINE 436 IN MAIN.asm
                    > USED AT LINE 433 IN MAIN.asm
DEF:                0409 DEFINED AT LINE 440 IN MAIN.asm
                    > USED AT LINE 140 IN MAIN.asm
DEF0:               0417 DEFINED AT LINE 449 IN MAIN.asm
                    > USED AT LINE 444 IN MAIN.asm
DEF1:               0422 DEFINED AT LINE 456 IN MAIN.asm
                    > USED AT LINE 448 IN MAIN.asm
                    > USED AT LINE 463 IN MAIN.asm
DEF2:               042C DEFINED AT LINE 464 IN MAIN.asm
                    > USED AT LINE 462 IN MAIN.asm
DEF3:               042D DEFINED AT LINE 466 IN MAIN.asm
DSIZE:              0080 DEFINED AT LINE 1 IN ram.asm
                    > USED AT LINE 13 IN ram.asm
RSIZE:              0080 DEFINED AT LINE 2 IN ram.asm
                    > USED AT LINE 10 IN ram.asm
TIBSIZE:            0100 DEFINED AT LINE 3 IN ram.asm
                    > USED AT LINE 8 IN ram.asm
VARS_SIZE:          0034 DEFINED AT LINE 4 IN ram.asm
                    > USED AT LINE 153 IN MAIN.asm
                    > USED AT LINE 34 IN ram.asm
                    > USED AT LINE 35 IN ram.asm
TIB:                0800 DEFINED AT LINE 8 IN ram.asm
                    > USED AT LINE 169 IN MAIN.asm
                    > USED AT LINE 186 IN MAIN.asm
                    > USED AT LINE 202 IN MAIN.asm
RSTACK:             0980 DEFINED AT LINE 11 IN ram.asm
                    > USED AT LINE 145 IN MAIN.asm
DSTACK:             0A00 DEFINED AT LINE 14 IN ram.asm
                    > USED AT LINE 161 IN MAIN.asm
STACK:              0A00 DEFINED AT LINE 15 IN ram.asm
                    > USED AT LINE 447 IN IOSerial.asm
TBPTR:              0A00 DEFINED AT LINE 16 IN ram.asm
VTEMP1:             0A02 DEFINED AT LINE 17 IN ram.asm
VTEMP2:             0A04 DEFINED AT LINE 18 IN ram.asm
RST08:              0A06 DEFINED AT LINE 20 IN ram.asm
                    > USED AT LINE 107 IN IOSerial.asm
                    > USED AT LINE 449 IN IOSerial.asm
RST10:              0A08 DEFINED AT LINE 21 IN ram.asm
                    > USED AT LINE 113 IN IOSerial.asm
                    > USED AT LINE 450 IN IOSerial.asm
RST18:              0A0A DEFINED AT LINE 22 IN ram.asm
                    > USED AT LINE 119 IN IOSerial.asm
                    > USED AT LINE 451 IN IOSerial.asm
RST20:              0A0C DEFINED AT LINE 23 IN ram.asm
                    > USED AT LINE 125 IN IOSerial.asm
                    > USED AT LINE 452 IN IOSerial.asm
RST28:              0A0E DEFINED AT LINE 24 IN ram.asm
                    > USED AT LINE 131 IN IOSerial.asm
                    > USED AT LINE 453 IN IOSerial.asm
RST30:              0A10 DEFINED AT LINE 25 IN ram.asm
                    > USED AT LINE 137 IN IOSerial.asm
                    > USED AT LINE 454 IN IOSerial.asm
BAUD:               0A12 DEFINED AT LINE 26 IN ram.asm
INTVEC:             0A14 DEFINED AT LINE 27 IN ram.asm
                    > USED AT LINE 143 IN IOSerial.asm
                    > USED AT LINE 455 IN IOSerial.asm
NMIVEC:             0A16 DEFINED AT LINE 28 IN ram.asm
                    > USED AT LINE 191 IN IOSerial.asm
                    > USED AT LINE 456 IN IOSerial.asm
GETCVEC:            0A18 DEFINED AT LINE 29 IN ram.asm
                    > USED AT LINE 436 IN IOSerial.asm
                    > USED AT LINE 459 IN IOSerial.asm
PUTCVEC:            0A1A DEFINED AT LINE 30 IN ram.asm
                    > USED AT LINE 442 IN IOSerial.asm
                    > USED AT LINE 461 IN IOSerial.asm
VARS:               0B00 DEFINED AT LINE 34 IN ram.asm
                    > USED AT LINE 149 IN MAIN.asm
                    > USED AT LINE 309 IN MAIN.asm
DEFS:               0B34 DEFINED AT LINE 35 IN ram.asm
                    > USED AT LINE 325 IN MAIN.asm
ALTVARS:            0B68 DEFINED AT LINE 37 IN ram.asm
VBYTEMODE:          0B6A DEFINED AT LINE 39 IN ram.asm
                    > USED AT LINE 105 IN MAIN.asm
                    > USED AT LINE 315 IN MAIN.asm
VCARRY:             0B6C DEFINED AT LINE 40 IN ram.asm
                    > USED AT LINE 120 IN MAIN.asm
VHEAPPTR:           0B76 DEFINED AT LINE 45 IN ram.asm
                    > USED AT LINE 157 IN MAIN.asm
                    > USED AT LINE 446 IN MAIN.asm
                    > USED AT LINE 451 IN MAIN.asm
                    > USED AT LINE 467 IN MAIN.asm
VREMAIN:            0B8A DEFINED AT LINE 55 IN ram.asm
VBASEPTR:           0B9C DEFINED AT LINE 65 IN ram.asm
                    > USED AT LINE 132 IN MAIN.asm
                    > USED AT LINE 134 IN MAIN.asm
                    > USED AT LINE 146 IN MAIN.asm
                    > USED AT LINE 240 IN MAIN.asm
                    > USED AT LINE 242 IN MAIN.asm
                    > USED AT LINE 299 IN MAIN.asm
                    > USED AT LINE 301 IN MAIN.asm
                    > USED AT LINE 385 IN MAIN.asm
                    > USED AT LINE 387 IN MAIN.asm
VPOINTER:           0B9E DEFINED AT LINE 66 IN ram.asm
                    > USED AT LINE 103 IN MAIN.asm
                    > USED AT LINE 312 IN MAIN.asm
HEAP:               0BA0 DEFINED AT LINE 68 IN ram.asm
                    > USED AT LINE 156 IN MAIN.asm
